// Jest Snapshot v1, https://goo.gl/fbAQLP

exports[`Testing <AppRouter/> should show login if user is not authenticated 1`] = `
<div>
  <div
    className="container"
  >
    <h1>
      Login
    </h1>
    <hr />
    <button
      className="btn btn-primary"
      onClick={[Function]}
    >
      Login
    </button>
  </div>
</div>
`;
